// Jest Snapshot v1, https://goo.gl/fbAQLP

exports[`GetData Function Tests :>> Axios getting data 1`] = `
[
  "1",
  "2",
  "3",
]
`;
