// Jest Snapshot v1, https://goo.gl/fbAQLP

exports[`React Basics Tests :>> Get method 1`] = `
<input
  placeholder="input value"
  type="text"
  value=""
/>
`;
